[    0.000000] Initializing cgroup subsys cpuset
[    0.000000] Initializing cgroup subsys cpu
[    0.000000] Initializing cgroup subsys cpuacct
[    0.000000] Linux version 4.4.0-83-generic (buildd@lcy01-02) (gcc version 5.4.0 20160609 (Ubuntu 5.4.0-6ubuntu1~16.04.4) ) #106-Ubuntu SMP Mon Jun 26 17:54:25 UTC 2017 (Ubuntu 4.4.0-83.106-generic 4.4.70)
[    0.000000] KERNEL supported cpus:
[    0.000000]   Intel GenuineIntel
[    0.000000]   AMD AuthenticAMD
[    0.000000]   NSC Geode by NSC
[    0.000000]   Cyrix CyrixInstead
[    0.000000]   Centaur CentaurHauls
[    0.000000]   Transmeta GenuineTMx86
[    0.000000]   Transmeta TransmetaCPU
[    0.000000]   UMC UMC UMC UMC
[    0.000000] x86/fpu: xstate_offset[2]:  576, xstate_sizes[2]:  256
[    0.000000] x86/fpu: Supporting XSAVE feature 0x01: 'x87 floating point registers'
[    0.000000] x86/fpu: Supporting XSAVE feature 0x02: 'SSE registers'
[    0.000000] x86/fpu: Supporting XSAVE feature 0x04: 'AVX registers'
[    0.000000] x86/fpu: Enabled xstate features 0x7, context size is 832 bytes, using 'standard' format.
[    0.000000] x86/fpu: Using 'lazy' FPU context switches.
[    0.000000] e820: BIOS-provided physical RAM map:
[    0.000000] BIOS-e820: [mem 0x0000000000000000-0x000000000009fbff] usable
[    0.000000] BIOS-e820: [mem 0x000000000009fc00-0x000000000009ffff] reserved
[    0.000000] BIOS-e820: [mem 0x00000000000f0000-0x00000000000fffff] reserved
[    0.000000] BIOS-e820: [mem 0x0000000000100000-0x000000003ffeffff] usable
[    0.000000] BIOS-e820: [mem 0x000000003fff0000-0x000000003fffffff] ACPI data
[    0.000000] BIOS-e820: [mem 0x00000000fec00000-0x00000000fec00fff] reserved
[    0.000000] BIOS-e820: [mem 0x00000000fee00000-0x00000000fee00fff] reserved
[    0.000000] BIOS-e820: [mem 0x00000000fffc0000-0x00000000ffffffff] reserved
[    0.000000] NX (Execute Disable) protection: active
[    0.000000] SMBIOS 2.5 present.
[    0.000000] Hypervisor detected: KVM
[    0.000000] e820: last_pfn = 0x3fff0 max_arch_pfn = 0x1000000
[    0.000000] MTRR: Disabled
[    0.000000] x86/PAT: MTRRs disabled, skipping PAT initialization too.
[    0.000000] x86/PAT: Configuration [0-7]: WB  WT  UC- UC  WB  WT  UC- UC  
[    0.000000] CPU MTRRs all blank - virtualized system.
[    0.000000] found SMP MP-table at [mem 0x0009fff0-0x0009ffff] mapped at [c009fff0]
[    0.000000] Scanning 1 areas for low memory corruption
[    0.000000] RAMDISK: [mem 0x36af6000-0x37572fff]
[    0.000000] ACPI: Early table checksum verification disabled
[    0.000000] ACPI: RSDP 0x00000000000E0000 000024 (v02 VBOX  )
[    0.000000] ACPI: XSDT 0x000000003FFF0030 00003C (v01 VBOX   VBOXXSDT 00000001 ASL  00000061)
[    0.000000] ACPI: FACP 0x000000003FFF00F0 0000F4 (v04 VBOX   VBOXFACP 00000001 ASL  00000061)
[    0.000000] ACPI: DSDT 0x000000003FFF0470 0021C8 (v02 VBOX   VBOXBIOS 00000002 INTL 20100528)
[    0.000000] ACPI: FACS 0x000000003FFF0200 000040
[    0.000000] ACPI: FACS 0x000000003FFF0200 000040
[    0.000000] ACPI: APIC 0x000000003FFF0240 00005C (v02 VBOX   VBOXAPIC 00000001 ASL  00000061)
[    0.000000] ACPI: SSDT 0x000000003FFF02A0 0001CC (v01 VBOX   VBOXCPUT 00000002 INTL 20100528)
[    0.000000] 131MB HIGHMEM available.
[    0.000000] 891MB LOWMEM available.
[    0.000000]   mapped low ram: 0 - 37bfe000
[    0.000000]   low ram: 0 - 37bfe000
[    0.000000] kvm-clock: Using msrs 4b564d01 and 4b564d00
[    0.000000] kvm-clock: cpu 0, msr 0:37bfd001, primary cpu clock
[    0.000000] kvm-clock: using sched offset of 3193064119 cycles
[    0.000000] clocksource: kvm-clock: mask: 0xffffffffffffffff max_cycles: 0x1cd42e4dffb, max_idle_ns: 881590591483 ns
[    0.000000] Zone ranges:
[    0.000000]   DMA      [mem 0x0000000000001000-0x0000000000ffffff]
[    0.000000]   Normal   [mem 0x0000000001000000-0x0000000037bfdfff]
[    0.000000]   HighMem  [mem 0x0000000037bfe000-0x000000003ffeffff]
[    0.000000] Movable zone start for each node
[    0.000000] Early memory node ranges
[    0.000000]   node   0: [mem 0x0000000000001000-0x000000000009efff]
[    0.000000]   node   0: [mem 0x0000000000100000-0x000000003ffeffff]
[    0.000000] Initmem setup node 0 [mem 0x0000000000001000-0x000000003ffeffff]
[    0.000000] Using APIC driver default
[    0.000000] ACPI: PM-Timer IO Port: 0x4008
[    0.000000] IOAPIC[0]: apic_id 2, version 32, address 0xfec00000, GSI 0-23
[    0.000000] ACPI: INT_SRC_OVR (bus 0 bus_irq 0 global_irq 2 dfl dfl)
[    0.000000] ACPI: INT_SRC_OVR (bus 0 bus_irq 9 global_irq 9 high level)
[    0.000000] Using ACPI (MADT) for SMP configuration information
[    0.000000] smpboot: Allowing 2 CPUs, 0 hotplug CPUs
[    0.000000] PM: Registered nosave memory: [mem 0x00000000-0x00000fff]
[    0.000000] PM: Registered nosave memory: [mem 0x0009f000-0x0009ffff]
[    0.000000] PM: Registered nosave memory: [mem 0x000a0000-0x000effff]
[    0.000000] PM: Registered nosave memory: [mem 0x000f0000-0x000fffff]
[    0.000000] e820: [mem 0x40000000-0xfebfffff] available for PCI devices
[    0.000000] Booting paravirtualized kernel on KVM
[    0.000000] clocksource: refined-jiffies: mask: 0xffffffff max_cycles: 0xffffffff, max_idle_ns: 7645519600211568 ns
[    0.000000] setup_percpu: NR_CPUS:8 nr_cpumask_bits:8 nr_cpu_ids:2 nr_node_ids:1
[    0.000000] PERCPU: Embedded 19 pages/cpu @f76b0000 s47436 r0 d30388 u77824
[    0.000000] PV qspinlock hash table entries: 512 (order: 0, 4096 bytes)
[    0.000000] Built 1 zonelists in Zone order, mobility grouping on.  Total pages: 259800
[    0.000000] Kernel command line: BOOT_IMAGE=/boot/vmlinuz-4.4.0-83-generic root=LABEL=cloudimg-rootfs ro console=tty1 console=ttyS0
[    0.000000] PID hash table entries: 4096 (order: 2, 16384 bytes)
[    0.000000] Dentry cache hash table entries: 131072 (order: 7, 524288 bytes)
[    0.000000] Inode-cache hash table entries: 65536 (order: 6, 262144 bytes)
[    0.000000] Initializing CPU#0
[    0.000000] Initializing HighMem for node 0 (00037bfe:0003fff0)
[    0.000000] Initializing Movable for node 0 (00000000:00000000)
[    0.000000] Memory: 1012196K/1048120K available (7960K kernel code, 770K rwdata, 3164K rodata, 940K init, 800K bss, 35924K reserved, 0K cma-reserved, 135112K highmem)
[    0.000000] virtual kernel memory layout:
[    0.000000]     fixmap  : 0xfff15000 - 0xfffff000   ( 936 kB)
[    0.000000]     pkmap   : 0xffc00000 - 0xffe00000   (2048 kB)
[    0.000000]     vmalloc : 0xf83fe000 - 0xffbfe000   ( 120 MB)
[    0.000000]     lowmem  : 0xc0000000 - 0xf7bfe000   ( 891 MB)
[    0.000000]       .init : 0xc1ba1000 - 0xc1c8c000   ( 940 kB)
[    0.000000]       .data : 0xc17c63cb - 0xc1b9fb40   (3941 kB)
[    0.000000]       .text : 0xc1000000 - 0xc17c63cb   (7960 kB)
[    0.000000] Checking if this processor honours the WP bit even in supervisor mode...Ok.
[    0.000000] SLUB: HWalign=64, Order=0-3, MinObjects=0, CPUs=2, Nodes=1
[    0.000000] Hierarchical RCU implementation.
[    0.000000] 	Build-time adjustment of leaf fanout to 32.
[    0.000000] 	RCU restricting CPUs from NR_CPUS=8 to nr_cpu_ids=2.
[    0.000000] RCU: Adjusting geometry for rcu_fanout_leaf=32, nr_cpu_ids=2
[    0.000000] NR_IRQS:2304 nr_irqs:440 16
[    0.000000] Console: colour VGA+ 80x25
[    0.000000] console [tty1] enabled
[    0.000000] console [ttyS0] enabled
[    0.000000] allocated 1048576 bytes of page_ext
[    0.000000] tsc: Detected 2693.774 MHz processor
[    1.969737] Calibrating delay loop (skipped) preset value.. 5387.54 BogoMIPS (lpj=10775096)
[    1.971196] pid_max: default: 32768 minimum: 301
[    1.971880] ACPI: Core revision 20150930
[    1.973251] ACPI: 2 ACPI AML tables successfully acquired and loaded
[    1.974226] Security Framework initialized
[    1.974833] Yama: becoming mindful.
[    1.975397] AppArmor: AppArmor initialized
[    1.983197] Mount-cache hash table entries: 2048 (order: 1, 8192 bytes)
[    1.999183] Mountpoint-cache hash table entries: 2048 (order: 1, 8192 bytes)
[    2.000352] Initializing cgroup subsys io
[    2.000965] Initializing cgroup subsys memory
[    2.001599] Initializing cgroup subsys devices
[    2.009688] Initializing cgroup subsys freezer
[    2.016772] Initializing cgroup subsys net_cls
[    2.071921] Initializing cgroup subsys perf_event
[    2.100424] Initializing cgroup subsys net_prio
[    2.153957] Initializing cgroup subsys hugetlb
[    2.202383] Initializing cgroup subsys pids
[    2.210429] CPU: Physical Processor ID: 0
[    2.239403] CPU: Processor Core ID: 0
[    2.251848] mce: CPU supports 0 MCE banks
[    2.282796] Last level iTLB entries: 4KB 1024, 2MB 1024, 4MB 1024
[    2.283834] Last level dTLB entries: 4KB 1024, 2MB 1024, 4MB 1024, 1GB 4
[    2.287694] Freeing SMP alternatives memory: 28K (c1c8c000 - c1c93000)
[    2.308278] ftrace: allocating 31411 entries in 62 pages
[    2.350893] smpboot: APIC(0) Converting physical 0 to logical package 0
[    2.362425] smpboot: Max logical packages: 1
[    2.363062] Enabling APIC mode:  Flat.  Using 1 I/O APICs
[    2.364896] ..TIMER: vector=0x30 apic1=0 pin1=2 apic2=-1 pin2=-1
[    2.535402] smpboot: CPU0: Intel(R) Core(TM) i5-4310M CPU @ 2.70GHz (family: 0x6, model: 0x3c, stepping: 0x3)
[    2.631253] Performance Events: unsupported p6 CPU model 60 no PMU driver, software events only.
[    2.736775] KVM setup paravirtual spinlock
[    2.772596] x86: Booting SMP configuration:
[    2.773228] .... node  #0, CPUs:      #1
[1266874886.516487] Initializing CPU#1
[    2.805119] kvm-clock: cpu 1, msr 0:37bfd041, secondary cpu clock
[    2.807432] mce: CPU supports 0 MCE banks
[    2.811395] x86: Booted up 1 node, 2 CPUs
[    2.844263] smpboot: Total of 2 processors activated (10775.09 BogoMIPS)
[    2.889290] devtmpfs: initialized
[    2.928526] evm: security.selinux
[    2.952677] evm: security.SMACK64
[    2.953235] evm: security.SMACK64EXEC
[    2.953825] evm: security.SMACK64TRANSMUTE
[    2.968243] evm: security.SMACK64MMAP
[    2.973947] evm: security.ima
[    2.974453] evm: security.capability
[    2.975309] clocksource: jiffies: mask: 0xffffffff max_cycles: 0xffffffff, max_idle_ns: 7645041785100000 ns
[    2.976650] futex hash table entries: 512 (order: 3, 32768 bytes)
[    2.977587] pinctrl core: initialized pinctrl subsystem
[    2.979919] RTC time: 12:47:52, date: 07/13/17
[    2.980695] NET: Registered protocol family 16
[    2.981598] EISA bus registered
[    3.008085] cpuidle: using governor ladder
[    3.036375] cpuidle: using governor menu
[    3.081686] PCCT header not found.
[    3.136227] ACPI: bus type PCI registered
[    3.172527] acpiphp: ACPI Hot Plug PCI Controller Driver version: 0.5
[    3.236887] PCI : PCI BIOS area is rw and x. Use pci=nobios if you want it NX.
[    3.240145] PCI: PCI BIOS revision 2.10 entry at 0xfda26, last bus=0
[    3.304465] PCI: Using configuration type 1 for base access
[    3.349262] ACPI: Added _OSI(Module Device)
[    3.370838] ACPI: Added _OSI(Processor Device)
[    3.408410] ACPI: Added _OSI(3.0 _SCP Extensions)
[    3.428941] ACPI: Added _OSI(Processor Aggregator Device)
[    3.438745] ACPI: Executed 1 blocks of module-level executable AML code
[    3.476499] ACPI: Interpreter enabled
[    3.477084] ACPI: (supports S0 S5)
[    3.504740] ACPI: Using IOAPIC for interrupt routing
[    3.560611] PCI: Using host bridge windows from ACPI; if necessary, use "pci=nocrs" and report a bug
[    3.568326] ACPI: PCI Root Bridge [PCI0] (domain 0000 [bus 00-ff])
[    3.621159] acpi PNP0A03:00: _OSC: OS supports [ASPM ClockPM Segments MSI]
[    3.637723] acpi PNP0A03:00: _OSC failed (AE_NOT_FOUND); disabling ASPM
[    3.644412] acpi PNP0A03:00: fail to add MMCONFIG information, can't access extended PCI configuration space under this bridge.
[    3.646963] PCI host bridge to bus 0000:00
[    3.648741] pci_bus 0000:00: root bus resource [io  0x0000-0x0cf7 window]
[    3.649616] pci_bus 0000:00: root bus resource [io  0x0d00-0xffff window]
[    3.650495] pci_bus 0000:00: root bus resource [mem 0x000a0000-0x000bffff window]
[    3.651595] pci_bus 0000:00: root bus resource [mem 0x40000000-0xffdfffff window]
[    3.660728] pci_bus 0000:00: root bus resource [bus 00-ff]
[    3.683620] pci 0000:00:01.1: legacy IDE quirk: reg 0x10: [io  0x01f0-0x01f7]
[    3.694500] pci 0000:00:01.1: legacy IDE quirk: reg 0x14: [io  0x03f6]
[    3.715323] pci 0000:00:01.1: legacy IDE quirk: reg 0x18: [io  0x0170-0x0177]
[    3.772847] pci 0000:00:01.1: legacy IDE quirk: reg 0x1c: [io  0x0376]
[    3.791199] pci 0000:00:07.0: quirk: [io  0x4000-0x403f] claimed by PIIX4 ACPI
[    3.841612] pci 0000:00:07.0: quirk: [io  0x4100-0x410f] claimed by PIIX4 SMB
[    3.866333] ACPI: PCI Interrupt Link [LNKA] (IRQs 5 9 10 *11)
[    3.908793] ACPI: PCI Interrupt Link [LNKB] (IRQs 5 9 10 *11)
[    3.982477] ACPI: PCI Interrupt Link [LNKC] (IRQs 5 9 *10 11)
[    4.042179] ACPI: PCI Interrupt Link [LNKD] (IRQs 5 *9 10 11)
[    4.091503] ACPI: Enabled 2 GPEs in block 00 to 07
[    4.132820] vgaarb: setting as boot device: PCI:0000:00:02.0
[    4.188464] vgaarb: device added: PCI:0000:00:02.0,decodes=io+mem,owns=io+mem,locks=none
[    4.241334] vgaarb: loaded
[    4.241818] vgaarb: bridge control possible 0000:00:02.0
[    4.248357] SCSI subsystem initialized
[    4.254070] ACPI: bus type USB registered
[    4.254698] usbcore: registered new interface driver usbfs
[    4.255461] usbcore: registered new interface driver hub
[    4.312718] usbcore: registered new device driver usb
[    4.364749] PCI: Using ACPI for IRQ routing
[    4.406239] NetLabel: Initializing
[    4.430098] NetLabel:  domain hash size = 128
[    4.480025] NetLabel:  protocols = UNLABELED CIPSOv4
[    4.527783] NetLabel:  unlabeled traffic allowed by default
[    4.576948] amd_nb: Cannot enumerate AMD northbridges
[    4.624518] clocksource: Switched to clocksource kvm-clock
[    4.632461] AppArmor: AppArmor Filesystem Enabled
[    4.736668] pnp: PnP ACPI init
[    4.782077] pnp: PnP ACPI: found 3 devices
[    4.854451] PnPBIOS: Disabled by ACPI PNP
[    4.930670] clocksource: acpi_pm: mask: 0xffffff max_cycles: 0xffffff, max_idle_ns: 2085701024 ns
[    5.115123] NET: Registered protocol family 2
[    5.139602] TCP established hash table entries: 8192 (order: 3, 32768 bytes)
[    5.181777] TCP bind hash table entries: 8192 (order: 4, 65536 bytes)
[    5.186186] TCP: Hash tables configured (established 8192 bind 8192)
[    5.187033] UDP hash table entries: 512 (order: 2, 16384 bytes)
[    5.194904] UDP-Lite hash table entries: 512 (order: 2, 16384 bytes)
[    5.200513] NET: Registered protocol family 1
[    5.222906] pci 0000:00:00.0: Limiting direct PCI/PCI transfers
[    5.241286] pci 0000:00:01.0: Activating ISA DMA hang workarounds
[    5.318102] Unpacking initramfs...
[    7.610500] Freeing initrd memory: 10740K (f6af6000 - f7573000)
[    7.622535] RAPL PMU detected, API unit is 2^-32 Joules, 4 fixed counters 10737418240 ms ovfl timer
[    7.630975] hw unit of domain pp0-core 2^-0 Joules
[    7.635648] hw unit of domain package 2^-0 Joules
[    7.637305] hw unit of domain dram 2^-0 Joules
[    7.638586] hw unit of domain pp1-gpu 2^-0 Joules
[    7.640232] platform rtc_cmos: registered platform RTC device (no PNP device found)
[    7.647507] Scanning for low memory corruption every 60 seconds
[    7.664799] audit: initializing netlink subsys (disabled)
[    7.671083] audit: type=2000 audit(1499950077.171:1): initialized
[    7.673232] Initialise system trusted keyring
[    7.687276] HugeTLB registered 2 MB page size, pre-allocated 0 pages
[    7.714251] zbud: loaded
[    7.716009] VFS: Disk quotas dquot_6.6.0
[    7.721486] VFS: Dquot-cache hash table entries: 1024 (order 0, 4096 bytes)
[    7.730740] squashfs: version 4.0 (2009/01/31) Phillip Lougher
[    7.733578] fuse init (API version 7.23)
[    7.740662] Key type big_key registered
[    7.760014] Allocating IMA MOK and blacklist keyrings.
[    7.774637] Key type asymmetric registered
[    7.783707] Asymmetric key parser 'x509' registered
[    7.790539] bounce: pool size: 64 pages
[    7.798754] Block layer SCSI generic (bsg) driver version 0.4 loaded (major 249)
[    7.809988] io scheduler noop registered
[    7.824244] io scheduler deadline registered (default)
[    7.825398] io scheduler cfq registered
[    7.826254] pci_hotplug: PCI Hot Plug PCI Core version: 0.5
[    7.838016] pciehp: PCI Express Hot Plug Controller Driver version: 0.4
[    7.844135] ACPI: AC Adapter [AC] (on-line)
[    7.855328] input: Power Button as /devices/LNXSYSTM:00/LNXPWRBN:00/input/input0
[    7.870576] ACPI: Power Button [PWRF]
[    7.871376] input: Sleep Button as /devices/LNXSYSTM:00/LNXSLPBN:00/input/input1
[    7.873817] ACPI: Sleep Button [SLPF]
[    7.875148] GHES: HEST is not enabled!
[    7.876776] ACPI: Battery Slot [BAT0] (battery present)
[    7.892401] isapnp: Scanning for PnP cards...
[    7.906331] Serial: 8250/16550 driver, 32 ports, IRQ sharing enabled
[    7.949677] 00:02: ttyS0 at I/O 0x3f8 (irq = 4, base_baud = 115200) is a 16550A
[    7.996457] Linux agpgart interface v0.103
[    8.016743] loop: module loaded
[    8.024536] scsi host0: ata_piix
[    8.038428] scsi host1: ata_piix
[    8.053942] ata1: PATA max UDMA/33 cmd 0x1f0 ctl 0x3f6 bmdma 0xd000 irq 14
[    8.073451] ata2: PATA max UDMA/33 cmd 0x170 ctl 0x376 bmdma 0xd008 irq 15
[    8.092299] libphy: Fixed MDIO Bus: probed
[    8.108450] tun: Universal TUN/TAP device driver, 1.6
[    8.116878] tun: (C) 1999-2004 Max Krasnyansky <maxk@qualcomm.com>
[    8.119742] PPP generic driver version 2.4.2
[    8.128349] ehci_hcd: USB 2.0 'Enhanced' Host Controller (EHCI) Driver
[    8.132337] ehci-pci: EHCI PCI platform driver
[    8.143701] ehci-platform: EHCI generic platform driver
[    8.159410] ohci_hcd: USB 1.1 'Open' Host Controller (OHCI) Driver
[    8.213935] ohci-pci: OHCI PCI platform driver
[    8.252638] ohci-platform: OHCI generic platform driver
[    8.282592] uhci_hcd: USB Universal Host Controller Interface driver
[    8.308767] isapnp: No Plug & Play device found
[    8.334419] i8042: PNP: PS/2 Controller [PNP0303:PS2K,PNP0f03:PS2M] at 0x60,0x64 irq 1,12
[    8.336761] serio: i8042 KBD port at 0x60,0x64 irq 1
[    8.338001] serio: i8042 AUX port at 0x60,0x64 irq 12
[    8.342274] mousedev: PS/2 mouse device common for all mice
[    8.346035] rtc_cmos rtc_cmos: rtc core: registered rtc_cmos as rtc0
[    8.348132] rtc_cmos rtc_cmos: alarms up to one day, 114 bytes nvram
[    8.350084] i2c /dev entries driver
[    8.351316] device-mapper: uevent: version 1.0.3
[    8.354706] input: AT Translated Set 2 keyboard as /devices/platform/i8042/serio0/input/input2
[    8.385745] device-mapper: ioctl: 4.34.0-ioctl (2015-10-28) initialised: dm-devel@redhat.com
[    8.400810] platform eisa.0: Probing EISA bus 0
[    8.410349] platform eisa.0: EISA: Cannot allocate resource for mainboard
[    8.413286] platform eisa.0: Cannot allocate resource for EISA slot 1
[    8.415714] platform eisa.0: Cannot allocate resource for EISA slot 2
[    8.420477] platform eisa.0: Cannot allocate resource for EISA slot 3
[    8.421674] platform eisa.0: Cannot allocate resource for EISA slot 4
[    8.422919] platform eisa.0: Cannot allocate resource for EISA slot 5
[    8.425946] platform eisa.0: Cannot allocate resource for EISA slot 6
[    8.428392] platform eisa.0: Cannot allocate resource for EISA slot 7
[    8.434043] platform eisa.0: Cannot allocate resource for EISA slot 8
[    8.444330] platform eisa.0: EISA: Detected 0 cards
[    8.449909] cpufreq-nforce2: No nForce2 chipset.
[    8.456959] ledtrig-cpu: registered to indicate activity on CPUs
[    8.461225] NET: Registered protocol family 10
[    8.478026] NET: Registered protocol family 17
[    8.479253] Key type dns_resolver registered
[    8.486077] microcode: CPU0 sig=0x306c3, pf=0x40, revision=0x0
[    8.493684] microcode: CPU1 sig=0x306c3, pf=0x40, revision=0x0
[    8.495666] microcode: Microcode Update Driver: v2.01 <tigran@aivazian.fsnet.co.uk>, Peter Oruba
[    8.509358] Using IPI No-Shortcut mode
[    8.521113] registered taskstats version 1
[    8.531481] Loading compiled-in X.509 certificates
[    8.551097] Loaded X.509 cert 'Build time autogenerated kernel key: 00b6515aa8253425ed3658068d9ee7caac75ba9a'
[    8.554522] zswap: loaded using pool lzo/zbud
[    8.558942] Key type trusted registered
[    8.579301] Key type encrypted registered
[    8.611256] AppArmor: AppArmor sha1 policy hashing enabled
[    8.624542] ima: No TPM chip found, activating TPM-bypass!
[    8.625854] evm: HMAC attrs: 0x1
[   8.640685] tsc: Refined TSC clocksource calibration: 2696.784 MHz
[    8.713632] clocksource: tsc: mask: 0xffffffffffffffff max_cycles: 0x26df604adee, max_idle_ns: 440795250897 ns
[    8.737366]   Magic number: 9:490:784
[    8.751068] rtc_cmos rtc_cmos: setting system clock to 2017-07-13 12:47:57 UTC (1499950077)
[    8.764076] BIOS EDD facility v0.16 2004-Jun-25, 0 devices found
[    8.775718] EDD information not available.
[    8.778590] Freeing unused kernel memory: 940K (c1ba1000 - c1c8c000)
[    8.782477] Write protecting the kernel text: 7964k
[    8.792999] Write protecting the kernel read-only data: 3168k
[    8.794591] NX-protecting the kernel data: 6372k
Loading, please wait...
starting version[    8.859215] random: systemd-udevd: uninitialized urandom read (16 bytes read, 0 bits of entropy available)
 229
[    8.859366] random: udevadm: uninitialized urandom read (16 bytes read, 0 bits of entropy available)
[    8.859413] random: udevadm: uninitialized urandom read (16 bytes read, 0 bits of entropy available)
[    8.859708] random: udevadm: uninitialized urandom read (16 bytes read, 0 bits of entropy available)
[    8.859768] random: udevadm: uninitialized urandom read (16 bytes read, 0 bits of entropy available)
[    8.859823] random: udevadm: uninitialized urandom read (16 bytes read, 0 bits of entropy available)
[    8.859888] random: udevadm: uninitialized urandom read (16 bytes read, 0 bits of entropy available)
[    8.859944] random: udevadm: uninitialized urandom read (16 bytes read, 0 bits of entropy available)
[    8.860097] random: udevadm: uninitialized urandom read (16 bytes read, 0 bits of entropy available)
[    8.860159] random: udevadm: uninitialized urandom read (16 bytes read, 0 bits of entropy available)
[    9.073886] Fusion MPT base driver 3.04.20
[    9.088205] Copyright (c) 1999-2008 LSI Corporation
[    9.093927] e1000: Intel(R) PRO/1000 Network Driver - version 7.3.21-k8-NAPI
[    9.113996] e1000: Copyright (c) 1999-2006 Intel Corporation.
[    9.131211] Fusion MPT SPI Host driver 3.04.20
[    9.322032] input: ImExPS/2 Generic Explorer Mouse as /devices/platform/i8042/serio1/input/input4
[    9.563484] e1000 0000:00:03.0 eth0: (PCI:33MHz:32-bit) 02:a5:8b:f8:57:ba
[    9.572603] e1000 0000:00:03.0 eth0: Intel(R) PRO/1000 Network Connection
[    9.575114] mptbase: ioc0: Initiating bringup
[    9.649551] ioc0: LSI53C1030 A0: Capabilities={Initiator}
[    9.862921] scsi host2: ioc0: LSI53C1030 A0, FwRev=00000000h, Ports=1, MaxQ=256, IRQ=20
[    9.994563] scsi 2:0:0:0: Direct-Access     VBOX     HARDDISK         1.0  PQ: 0 ANSI: 5
[   10.021074] scsi target2:0:0: Beginning Domain Validation
[   10.061663] scsi target2:0:0: Domain Validation skipping write tests
[   10.084721] scsi target2:0:0: Ending Domain Validation
[   10.105968] scsi target2:0:0: asynchronous
[   10.131394] scsi 2:0:1:0: Direct-Access     VBOX     HARDDISK         1.0  PQ: 0 ANSI: 5
[   10.157753] scsi target2:0:1: Beginning Domain Validation
[   10.165528] scsi target2:0:1: Domain Validation skipping write tests
[   10.176312] scsi target2:0:1: Ending Domain Validation
[   10.178470] scsi target2:0:1: asynchronous
[   10.193256] sd 2:0:0:0: Attached scsi generic sg0 type 0
[   10.196832] sd 2:0:0:0: [sda] 20971520 512-byte logical blocks: (10.7 GB/10.0 GiB)
[   10.207112] sd 2:0:0:0: [sda] Write Protect is off
[   10.212003] sd 2:0:0:0: [sda] Incomplete mode parameter data
[   10.212005] sd 2:0:0:0: [sda] Assuming drive cache: write through
[   10.225400] sd 2:0:1:0: Attached scsi generic sg1 type 0
[   10.225870] sd 2:0:1:0: [sdb] 20480 512-byte logical blocks: (10.5 MB/10.0 MiB)
[   10.225992] sd 2:0:1:0: [sdb] Write Protect is off
[   10.226065] sd 2:0:1:0: [sdb] Incomplete mode parameter data
[   10.226066] sd 2:0:1:0: [sdb] Assuming drive cache: write through
[   10.231114]  sda: sda1
[   10.293000] sd 2:0:0:0: [sda] Attached SCSI disk
[   10.301422] sd 2:0:1:0: [sdb] Attached SCSI disk
[   10.408401] e1000 0000:00:08.0 eth1: (PCI:33MHz:32-bit) 08:00:27:42:0e:94
[   10.415463] e1000 0000:00:08.0 eth1: Intel(R) PRO/1000 Network Connection
[   10.772547] e1000 0000:00:09.0 eth2: (PCI:33MHz:32-bit) 08:00:27:9f:15:7e
[   10.779326] e1000 0000:00:09.0 eth2: Intel(R) PRO/1000 Network Connection
[   10.781841] e1000 0000:00:08.0 enp0s8: renamed from eth1
[   10.797294] e1000 0000:00:09.0 enp0s9: renamed from eth2
[   10.857187] e1000 0000:00:03.0 enp0s3: renamed from eth0
[   12.033142] floppy0: no floppy controllers found
Begin: Loading essential drivers ... [   13.414657] md: linear personality registered for level -1
[   13.450041] md: multipath personality registered for level -4
[   13.468995] md: raid0 personality registered for level 0
[   13.485273] md: raid1 personality registered for level 1
[   13.576813] raid6: mmxx1    gen()  3641 MB/s
[   13.657013] raid6: mmxx2    gen()  4379 MB/s
[   13.728560] raid6: sse1x1   gen()  2942 MB/s
[   13.800566] raid6: sse1x2   gen()  4095 MB/s
[   13.876951] raid6: sse2x1   gen()  8718 MB/s
[   13.964923] raid6: sse2x1   xor()  7155 MB/s
[   14.044906] raid6: sse2x2   gen() 12320 MB/s
[   14.165038] raid6: sse2x2   xor()  7898 MB/s
[   14.165918] raid6: using algorithm sse2x2 gen() 12320 MB/s
[   14.175343] raid6: .... xor() 7898 MB/s, rmw enabled
[   14.190465] raid6: using ssse3x1 recovery algorithm
[   14.198202] xor: automatically using best checksumming function:
[   14.244885]    avx       : 21073.000 MB/sec
[   14.268062] async_tx: api initialized (async)
[   14.309228] md: raid6 personality registered for level 6
[   14.339325] md: raid5 personality registered for level 5
[   14.349225] md: raid4 personality registered for level 4
[   14.357578] md: raid10 personality registered for level 10
done.
Begin: Running /scripts/init-premount ... done.
Begin: Mounting root file system ... Begin: Running /scripts/local-top ... done.
Begin: Running /scripts/local-premount ... [   14.416242] Btrfs loaded
Scanning for Btrfs filesystems
done.
Warning: fsck no[   14.455992] EXT4-fs (sda1): mounted filesystem with ordered data mode. Opts: (null)
t present, so skipping root file system
done.
Begin: Running /scripts/local-bottom ... done.
Begin: Running /scripts/init-bottom ... done.
[   14.582284] systemd[1]: systemd 229 running in system mode. (+PAM +AUDIT +SELINUX +IMA +APPARMOR +SMACK +SYSVINIT +UTMP +LIBCRYPTSETUP +GCRYPT +GNUTLS +ACL +XZ -LZ4 +SECCOMP +BLKID +ELFUTILS +KMOD -IDN)
[   14.604655] systemd[1]: Detected virtualization oracle.
[   14.623730] systemd[1]: Detected architecture x86.

Welcome to [1mUbuntu 16.04.2 LTS[0m!

[   14.648195] systemd[1]: Set hostname to <ubuntu>.
[   14.745283] systemd[1]: Initializing machine ID from random generator.
[   14.819306] systemd[1]: Installed transient /etc/machine-id file.
[   14.973129] systemd[1]: Listening on Syslog Socket.
[[0;32m  OK  [0m] Listening on Syslog Socket.
[   15.000924] systemd[1]: Reached target Encrypted Volumes.
[[0;32m  OK  [0m] Reached target Encrypted Volumes.
[   15.064768] systemd[1]: Reached target Swap.
[[0;32m  OK  [0m] Reached target Swap.
[   15.113144] systemd[1]: Listening on /dev/initctl Compatibility Named Pipe.
[[0;32m  OK  [0m] Listening on /dev/initctl Compatibility Named Pipe.
[   15.217427] systemd[1]: Listening on LVM2 poll daemon socket.
[[0;32m  OK  [0m] Listening on LVM2 poll daemon socket.
[   15.281195] systemd[1]: Created slice System Slice.
[[0;32m  OK  [0m] Created slice System Slice.
[   15.364076] systemd[1]: Created slice system-serial\x2dgetty.slice.
[[0;32m  OK  [0m] Created slice system-serial\x2dgetty.slice.
[   15.456041] systemd[1]: Started Trigger resolvconf update for networkd DNS.
[[0;32m  OK  [0m] Started Trigger resolvconf update for networkd DNS.
[   15.524723] systemd[1]: Listening on Journal Socket (/dev/log).
[[0;32m  OK  [0m] Listening on Journal Socket (/dev/log).
[   15.685132] systemd[1]: Created slice User and Session Slice.
[[0;32m  OK  [0m] Created slice User and Session Slice.
[   15.825875] systemd[1]: Listening on LVM2 metadata daemon socket.
[[0;32m  OK  [0m] Listening on LVM2 metadata daemon socket.
[   15.905153] systemd[1]: Listening on udev Kernel Socket.
[[0;32m  OK  [0m] Listening on udev Kernel Socket.
[   15.938459] systemd[1]: Started Forward Password Requests to Wall Directory Watch.
[[0;32m  OK  [0m] Started Forward Password Requests to Wall Directory Watch.
[   16.057767] systemd[1]: Listening on Device-mapper event daemon FIFOs.
[[0;32m  OK  [0m] Listening on Device-mapper event daemon FIFOs.
[   16.111938] systemd[1]: Reached target Slices.
[[0;32m  OK  [0m] Reached target Slices.
[   16.245337] systemd[1]: Reached target User and Group Name Lookups.
[[0;32m  OK  [0m] Reached target User and Group Name Lookups.
[   16.322480] systemd[1]: Set up automount Arbitrary Executable File Formats File System Automount Point.
[[0;32m  OK  [0m] Set up automount Arbitrary Executab...ats File System Automount Point.
[   16.362658] systemd[1]: Listening on udev Control Socket.
[[0;32m  OK  [0m] Listening on udev Control Socket.
[   16.401092] systemd[1]: Listening on Journal Socket.
[[0;32m  OK  [0m] Listening on Journal Socket.
[   16.429071] systemd[1]: Starting Remount Root and Kernel File Systems...
[   16.434003] EXT4-fs (sda1): re-mounted. Opts: (null)
         Starting Remount Root and Kernel File Systems...
[   16.466610] systemd[1]: Mounting POSIX Message Queue File System...
         Mounting POSIX Message Queue File System...
[   16.492872] systemd[1]: Starting Load Kernel Modules...
         Starting Load Kernel Modules...
[   16.512477] Loading iSCSI transport class v2.0-870.
[   16.513663] systemd[1]: Mounting Debug File System...
         Mounting Debug File System...
[   16.532820] systemd[1]: Mounting Huge Pages File System...
         Mounting Huge Pages Fil[   16.601181] iscsi: registered transport (tcp)
e System...
[   16.621244] systemd[1]: Starting Monitoring of LVM2 mirrors, snapshots etc. using dmeventd or progress polling...
         Starting Monitoring of LVM2 mirrors... dmeventd or progress polling...
[   16.654989] systemd[1]: Starting Set console keymap...
         Starting Set console keymap...
[   16.670516] systemd[1]: Starting Nameserver information manager...
         Starting Nameserver information manager...
[   16.694628] iscsi: registered transport (iser)
[   16.712921] systemd[1]: Starting Uncomplicated firewall...
         Starting Uncomplicated firewall...
[   16.725523] systemd[1]: Starting Create list of required static device nodes for the current kernel...
         Starting Create list of required st... nodes for the current kernel...
[   16.748608] systemd[1]: Listening on Journal Audit Socket.
[[0;32m  OK  [0m] Listening on Journal Audit Socket.
[   16.760654] systemd[1]: Starting Journal Service...
         Starting Journal Service...
[   16.802010] systemd[1]: Mounted POSIX Message Queue File System.
[[0;32m  OK  [0m] Mounted POSIX Message Queue File System.
[   16.828719] systemd[1]: Mounted Huge Pages File System.
[[0;32m  OK  [0m] Mounted Huge Pages File System.
[   16.840265] systemd[1]: Mounted Debug File System.
[[0;32m  OK  [0m] Mounted Debug File System.
[   16.852850] systemd[1]: Started Journal Service.
[[0;32m  OK  [0m] Started Journal Service.
[[0;32m  OK  [0m] Started Remount Root and Kernel File Systems.
[[0;32m  OK  [0m] Started Load Kernel Modules.
[[0;32m  OK  [0m] Started Set console keymap.
[[0;32m  OK  [0m] Started Uncomplicated firewal[   16.908780] random: nonblocking pool is initialized
l.
[[0;32m  OK  [0m] Started Create list of required sta...ce nodes for the current kernel.
[[0;32m  OK  [0m] Started Nameserver information manager.
[[0;32m  OK  [0m] Started LVM2 metadata daemon.
         Starting Create Static Device Nodes in /dev...
         Mounting FUSE Control File System...
         Starting Apply Kernel Variables...
         Starting Load/Save Random Seed...
         Starting Initial cloud-init job (pre-networking)...
         Starting udev Coldplug all Devices...
         Starting Flush Journal to Persistent Storage...
[[0;32m  OK  [0m] Mounted FUSE Control File System.
[[0;32m  OK  [0m] Started Create Static Device Nodes in /dev.
[[0;32m  OK  [0m] Started Apply Kernel Variables.
[[0;32m  OK  [0m] Started Load/Save Random Seed.
[[0;32m  OK  [0m] Started udev Coldplug all Devices.
[[0;32m  OK  [0m] Started Flush Journal to Persistent Storage.
[[0;32m  OK  [0m] Started Monitoring of LVM2 mirrors,...ng dmeventd or progress polling.
         Starting udev Kernel Device Manager...
[[0;32m  OK  [0m] Started udev Kernel Device Manager.
[[0;32m  OK  [0m] Reached target Local File Systems (Pre).
[[0;32m  OK  [0m] Reached target Local File Systems.
         Starting Create Volatile Files and Directories...
         Starting LSB: AppArmor initialization...
         Starting Commit a transient machine-id on disk...
         Starting Set console font and keymap...
         Starting Tell Plymouth To Write Out Runtime Data...
[[0;32m  OK  [0m] Started Dispatch Password Requests to Console Directory Watch.
[[0;32m  OK  [0m] Started Create Volatile Files and Directories.
[[0;32m  OK  [0m] Started Commit a transient machine-id on disk.
[[0;32m  OK  [0m] Started Tell Plymouth To Write Out Runtime Data.
         Starting Update UTMP about System Boot/Shutdown...
[[0;32m  OK  [0m] Reached target System Time Synchronized.
[[0;32m  OK  [0m] Started Update UTMP about System Boot/Shutdown.
[[0;32m  OK  [0m] Found device /dev/ttyS0.
[[0;32m  OK  [0m] Listening on Load/Save RF Kill Switch Status /dev/rfkill Watch.
[   14.630751] cloud-init[456]: Cloud-init v. 0.7.9 running 'init-local' at Thu, 13 Jul 2017 12:48:07 +0000. Up 14.15 seconds.
[[0;32m  OK  [0m] Started Initial cloud-init job (pre-networking).
[[0;32m  OK  [0m] Started LSB: AppArmor initialization.
[[0;32m  OK  [0m] Reached target Network (Pre).
         Starting Raise network interfaces...
[[0;32m  OK  [0m] Started Set console font and keymap.
[[0;32m  OK  [0m] Created slice system-getty.slice.
[[0;32m  OK  [0m] Started Raise network interfaces.
[[0;32m  OK  [0m] Reached target Network.
         Starting Initial cloud-init job (metadata service crawler)...
[   18.131477] cloud-init[966]: Cloud-init v. 0.7.9 running 'init' at Thu, 13 Jul 2017 12:48:10 +0000. Up 17.44 seconds.
[   18.148237] cloud-init[966]: ci-info: ++++++++++++++++++++++++++++++++++++++Net device info++++++++++++++++++++++++++++++++++++++
[   18.150652] cloud-init[966]: ci-info: +--------+-------+----------------------------+---------------+-------+-------------------+
[   18.152239] cloud-init[966]: ci-info: | Device |   Up  |          Address           |      Mask     | Scope |     Hw-Address    |
[   18.153910] cloud-init[966]: ci-info: +--------+-------+----------------------------+---------------+-------+-------------------+
[[   18.276756] cloud-init[966]: ci-info: | enp0s3 |  True |         10.0.2.15          | 255.255.255.0 |   .   | 02:a5:8b:f8:57:ba |
[   18.277716] cloud-init[966]: ci-info: | enp0s3 |  True | fe80::a5:8bff:fef8:57ba/64 |       .       |  link | 02:a5:8b:f8:57:ba |
[   18.278146] cloud-init[966]: ci-info: |   lo   |  True |         127.0.0.1          |   255.0.0.0   |   .   |         .         |
[   18.278654] cloud-init[966]: ci-info: |   lo   |  True |          ::1/128           |       .       |  host |         .         |
[   18.278941] cloud-init[966]: ci-info: | enp0s9 | False |             .              |       .       |   .   | 08:00:27:9f:15:7e |
[   18.279243] cloud-init[966]: ci-info: | enp0s8 | False |             .              |       .       |   .   | 08:00:27:42:0e:94 |
[   18.279623] cloud-init[966]: ci-info: +--------+-------+----------------------------+---------------+-------+-------------------+
[   18.279983] cloud-init[966]: ci-info: +++++++++++++++++++++++++++Route IPv4 info++++++++++++++++++++++++++++
[   18.280307] [0;32m  OK  [0m] Started Initial cloud-init job (metadata service crawler).
cloud-init[966]: ci-info: +-------+-------------+----------+---------------+-----------+-------+
[   18.810024] cloud-init[966]: ci-info: | Route | Destination | Gateway  |    Genmask    | Interface | Flags |
[   18.819337] cloud-init[966]: ci-info: +-------+-------------+----------+---------------+-----------+-------+
[   18.880517] cloud-init[966]: ci-info: |   0   |   0.0.0.0   | 10.0.2.2 |    0.0.0.0    |   enp0s3  |   UG  |
[   18.913457] cloud-init[966]: ci-info: |   1   |   10.0.2.0  | 0.0.0.0  | 255.255.255.0 |   enp0s3  |   U   |
[[0;32m  OK  [0m] Reached target System Initialization.
[   18.933954] cloud-init[966]: ci-info: +-------+-------------+----------+---------------+-----------+-------+
[   19.017640] cloud-init[966]: Generating public/private rsa key pair.
[[0;32m  OK  [0m] Started ACPI Events Check.
[   19.092552] cloud-init[966]: Your identification has been saved in /etc/ssh/ssh_host_rsa_key.
[[0;32m  OK  [0m[   19.176731] cloud-init[966]: Your public key has been saved in /etc/ssh/ssh_host_rsa_key.pub.
[   19.177069] cloud-init[966]: The key fingerprint is:
[   19.177241] cloud-init[966]: SHA256:H5mLKnd/IO0Iwmft2V4OtDXvFeDozAdTyT0XFrodo9o root@ubuntu-xenial
[   19.177527] cloud-init[966]: The key's randomart image is:
[   19.177734] cloud-init[966]: +---[RSA 2048]----+
[   19.178386] cloud-init[966]: |               +.|
[   19.178636] cloud-init[966]: |            . = .|
[   19.178868] cloud-init[966]: |             * =.|
[   19.179093] cloud-init[966]: |           o+ = =|
[   19.179355] cloud-init[966]: |   .   .S.=+o+ o |
[   19.179433] cloud-init[966]: |    o + o+*==o  .|
[   19.179492] cloud-init[966]: |     + o.*=*.E. .|
[   19.179549] cloud-init[966]: |    . ..= o+o. . |
[   19.179606] cloud-init[966]: |     o.. oo.. .  |
[   19.179702] cloud-init[966]: +----[SHA256]-----+
[   19.179768] cloud-init[966]: Generating public/private dsa key pair.
[   19.179844] cloud-init[966]: Your identification has been saved in /etc/ssh/ssh_host_dsa_key.
[   19.179905] cloud-init[966]: Your public key has been saved in /etc/ssh/ssh_host_dsa_key.pub.
[   19.179962] cloud-init[966]: The key fingerprint is:
[   19.180018] cloud-init[966]: SHA256:+bK+lyALynkV1iFiOnQ3m8BcVH+bOHHYjnlfGYjPubc root@ubuntu-xenial
[   19.180079] cloud-init[966]: The key's randomart image is:
[   19.180135] cloud-init[966]: +---[DSA 1024]----+
] Reached target Paths.
[   19.180393] cloud-init[966]: |   o oo..        |
[[0;32m  OK  [0m] Listening on D-Bus System Message Bus Socket.
[   19.796741] cloud-init[966]: |  . B + .. o. .  |
[   19.832438] cloud-init[966]: | . + + * .+.+. . |
[[0;32m  OK  [0m[   19.840601] cloud-init[966]: |  o   = .. Ooo. o|
[   19.840708] cloud-init[966]: |   . . .S = =+ ..|
[   19.840789] cloud-init[966]: |    . o .. o ... |
[   19.840868] cloud-init[966]: | . o o o.... ... |
[   19.840991] cloud-init[966]: |  + . .  oo   . .|
[   19.841120] cloud-init[966]: |   .   .+o     E |
[   19.841203] cloud-init[966]: +----[SHA256]-----+
[   19.841275] cloud-init[966]: Generating public/private ecdsa key pair.
[   19.841349] cloud-init[966]: Your identification has been saved in /etc/ssh/ssh_host_ecdsa_key.
[   19.841474] cloud-init[966]: Your public key has been saved in /etc/ssh/ssh_host_ecdsa_key.pub.
[   19.841585] cloud-init[966]: The key fingerprint is:
[   19.841661] cloud-init[966]: SHA256:+bDkNhVGqlmY5qCWxUtLfwbKva/4QaPwFMzgl7SyePs root@ubuntu-xenial
[   19.841732] cloud-init[966]: The key's randomart image is:
[   19.841802] cloud-init[966]: +---[ECDSA 256]---+
[   19.841875] cloud-init[966]: |  . .     .      |
[   19.842022] cloud-init[966]: | . * o o o       |
[   19.842116] cloud-init[966]: |  o & = o o      |
[   19.842191] cloud-init[966]: | . @ @ = o .     |
[   19.842261] cloud-init[966]: |. B * O S .      |
[   19.842333] cloud-init[966]: | o = o B =       |
[   19.842404] cloud-init[966]: |  . o o = .      |
[   19.842526] cloud-init[966]: |   . . + .       |
[   19.842632] cloud-init[966]: |    E.o..        |
[   19.842713] cloud-init[966]: +----[SHA256]-----+
[   19.842781] cloud-init[966]: Generating public/private ed25519 key pair.
[   19.842852] cloud-init[966]: Your identification has been saved in /etc/ssh/ssh_host_ed25519_key.
[   19.842961] cloud-init[966]: Your public key has been saved in /etc/ssh/ssh_host_ed25519_key.pub.
[   19.843048] cloud-init[966]: The key fingerprint is:
[   19.843117] cloud-init[966]: SHA256:kHEaSdhYNvypbFTvBGgVi/FChII73PFy4WvslWWg+4A root@ubuntu-xenial
[   19.843188] cloud-init[966]: The key's randomart image is:
[   19.843256] cloud-init[966]: +--[ED25519 256]--+
[   19.843327] cloud-init[966]: | .   X@++.       |
[   19.843396] cloud-init[966]: |. ..++*%o.       |
[   19.843499] cloud-init[966]: |....+.Oo++       |
[   19.843588] cloud-init[966]: |o. o =.oooo      |
[   19.843664] cloud-init[966]: | .  =oo.So       |
[   19.843734] cloud-init[966]: |   E *+o  .      |
[   19.843803] cloud-init[966]: |    o.+          |
[   19.843873] cloud-init[966]: |     . .         |
] Started Daily apt activities.
[   19.845123] cloud-init[966]: |                 |
[   20.549035] cloud-init[966]: +----[SHA256]-----+
         Starting LXD - unix socket.
[[0;32m  OK  [0m] Listening on ACPID Listen Socket.
[[0;32m  OK  [0m] Listening on UUID daemon activation socket.
         Starting Socket activation for snappy daemon.
[[0;32m  OK  [0m] Started Timer to automatically refresh installed snaps.
[[0;32m  OK  [0m] Started Daily Cleanup of Temporary Directories.
[[0;32m  OK  [0m] Reached target Timers.
[[0;32m  OK  [0m] Reached target Cloud-config availability.
[[0;32m  OK  [0m] Reached target Network is Online.
         Starting iSCSI initiator daemon (iscsid)...
[[0;32m  OK  [0m] Listening on LXD - unix socket.
[[0;32m  OK  [0m] Listening on Socket activation for snappy daemon.
[[0;32m  OK  [0m] Started iSCSI initiator daemon (iscsid).
         Starting Login to default iSCSI targets...
[[0;32m  OK  [0m] Reached target Sockets.
[[0;32m  OK  [0m] Reached target Basic System.
[[0;32m  OK  [0m] Started Regular background program processing daemon.
[[0;32m  OK  [0m] Started Snappy daemon.
[[0;32m  OK  [0m] Started Unattended Upgrades Shutdown.
[[0;32m  OK  [0m] Started Deferred execution scheduler.
[[0;32m  OK  [0m] Started ACPI event daemon.
         Starting Auto import assertions from block devices...
         Starting Login Service...
         Starting /etc/rc.local Compatibility...
[[0;32m  OK  [0m] Started FUSE filesystem for LXC.
         Starting LSB: MD monitoring daemon...
         Starting Accounts Service...
         Starting System Logging Service...
         Starting LXD - container startup/shutdown...
[[0;32m  OK  [0m] Started D-Bus System Message Bus.
         Starting LSB: Record successful boot for GRUB...
         Starting Apply the settings specified in cloud-config...
         Starting Pollinate to seed the pseudo random number generator...
[[0;32m  OK  [0m] Started System Logging Service.
[[0;32m  OK  [0m] Started Auto import assertions from block devices.
[[0;32m  OK  [0m] Started /etc/rc.local Compatibility.
[[0;32m  OK  [0m] Started LXD - container startup/shutdown.
[[0;32m  OK  [0m] Started Login to default iSCSI targets.
[[0;32m  OK  [0m] Started LSB: Record successful boot for GRUB.
[[0;32m  OK  [0m] Started LSB: MD monitoring daemon.
[[0;32m  OK  [0m] Started Login Service.
         Starting Authenticate and Authorize Users to Run Privileged Tasks...
[[0;32m  OK  [0m] Reached target Remote File Systems (Pre).
[[0;32m  OK  [0m] Reached target Remote File Systems.
         Starting LSB: daemon to balance interrupts for SMP systems...
         Starting Permit User Sessions...
         Starting LSB: VirtualBox Linux Additions...
         Starting LSB: Set the CPU Frequency Scaling governor to "ondemand"...
         Starting LSB: automatic crash report generation...
[[0;32m  OK  [0m] Started Permit User Sessions.
[[0;32m  OK  [0m] Started Authenticate and Authorize Users to Run Privileged Tasks.
[[0;32m  OK  [0m] Started Accounts Service.
[[0;32m  OK  [0m] Started LSB: daemon to balance interrupts for SMP systems.
         Starting Hold until boot process finishes up...
         Starting Terminate Plymouth Boot Screen...
[[0;32m  OK  [0m] Started LSB: VirtualBox Linux Additions.
[[0;32m  OK  [0m] Started LSB: Set the CPU Frequency Scaling governor to "ondemand".
[   21.904611] cloud-init[1126]: Generating locales (this might take a while)...
[[0;32m  OK  [0m] Started LSB: automatic crash report generation.
[[0;32m  OK  [0m] Started Hold until boot process finishes up.
[[0;32m  OK  [0m] Started Terminate Plymouth Boot Screen.
[[0;32m  OK  [0m] Started Getty on tty1.
         Starting Set console scheme...
[[0;32m  OK  [0m] Started Serial Getty on ttyS0.
[[0;32m  OK  [0m] Reached target Login Prompts.
[[0;32m  OK  [0m] Started Set console scheme.
[[0;32m  OK  [0m] Started Pollinate to seed the pseudo random number generator.
         Starting OpenBSD Secure Shell server...
[[0;32m  OK  [0m] Started OpenBSD Secure Shell server.
[[0;32m  OK  [0m] Reached target Multi-User System.
[[0;32m  OK  [0m] Reached target Graphical Interface.
         Starting Update UTMP about System Runlevel Changes...
[[0;32m  OK  [0m] Started Update UTMP about System Runlevel Changes.
[   22.646031] cloud-init[1126]:   en_US.UTF-8... done
[   22.655674] cloud-init[1126]: Generation complete.
         Stopping OpenBSD Secure Shell server...
[[0;32m  OK  [0m] Stopped OpenBSD Secure Shell server.
         Starting OpenBSD Secure Shell server...
[[0;32m  OK  [0m] Started OpenBSD Secure Shell server.
[   23.106926] cloud-init[1126]: Cloud-init v. 0.7.9 running 'modules:config' at Thu, 13 Jul 2017 12:48:14 +0000. Up 21.79 seconds.
[[0;32m  OK  [0m] Started Apply the settings specified in cloud-config.
         Starting Execute cloud user/final scripts...
ci-info: no authorized ssh keys fingerprints found for user ubuntu.
<14>Jul 13 12:48:16 ec2: 
<14>Jul 13 12:48:16 ec2: #############################################################
<14>Jul 13 12:48:16 ec2: -----BEGIN SSH HOST KEY FINGERPRINTS-----
<14>Jul 13 12:48:16 ec2: 1024 SHA256:+bK+lyALynkV1iFiOnQ3m8BcVH+bOHHYjnlfGYjPubc root@ubuntu-xenial (DSA)
<14>Jul 13 12:48:16 ec2: 256 SHA256:+bDkNhVGqlmY5qCWxUtLfwbKva/4QaPwFMzgl7SyePs root@ubuntu-xenial (ECDSA)
<14>Jul 13 12:48:16 ec2: 256 SHA256:kHEaSdhYNvypbFTvBGgVi/FChII73PFy4WvslWWg+4A root@ubuntu-xenial (ED25519)
<14>Jul 13 12:48:16 ec2: 2048 SHA256:H5mLKnd/IO0Iwmft2V4OtDXvFeDozAdTyT0XFrodo9o root@ubuntu-xenial (RSA)
<14>Jul 13 12:48:16 ec2: -----END SSH HOST KEY FINGERPRINTS-----
<14>Jul 13 12:48:16 ec2: #############################################################
-----BEGIN SSH HOST KEY KEYS-----
ecdsa-sha2-nistp256 AAAAE2VjZHNhLXNoYTItbmlzdHAyNTYAAAAIbmlzdHAyNTYAAABBBB2JGxqekJZJwdmRqdN/7S8yq4lbf/iaaXdlNlBHOUR4NZmbDFqDWIiL+cx+tqJndA7102cEIbPkFAnkRHNLu2Q= root@ubuntu-xenial
ssh-ed25519 AAAAC3NzaC1lZDI1NTE5AAAAIHS3GDq8oM3ODqnU/jHtLF/cPX0CBlrMJV3e4zvmrJGE root@ubuntu-xenial
ssh-rsa AAAAB3NzaC1yc2EAAAADAQABAAABAQCrubOLoBHBCAgRtGExAhc+2mJCcOQQObxSpJUMJeoV10l5WDNd93ylasNQtt2h+wTXpj6TITvEUHRxd4L2+/IF+8qDZIhRB+lQH9RJoj9ZYZuE6osRH4xCBhEfe7Oyr+CUk7hhPlhk8pllJYaF3bkpTmHXr54s5fujjBzUredyyu3Sga+luwcRIJPkLcJ0TKTi2tMKf5Wr4BlsPvkOYVv5vS3QNKs2yLTP8sfYYCXuDkMjo2HCraeyrHtjSbyXBDiRQIbbPSh/HrvhOE/qHGho1uw5TXRA14l3wv9XtR7d9RJm8y6lVIdKxk70LCQk+DSM/3cqzUHmkDaGgH1g+9Rd root@ubuntu-xenial
-----END SSH HOST KEY KEYS-----
[   23.949712] cloud-init[1334]: Cloud-init v. 0.7.9 running 'modules:final' at Thu, 13 Jul 2017 12:48:16 +0000. Up 23.66 seconds.
[   23.955253] cloud-init[1334]: ci-info: no authorized ssh keys fingerprints found for user ubuntu.
[   23.964567] cloud-init[1334]: Cloud-init v. 0.7.9 finished at Thu, 13 Jul 2017 12:48:16 +0000. Datasource DataSourceNoCloud [seed=/dev/sdb][dsmode=net].  Up 23.93 seconds
[[0;32m  OK  [0m] Started Execute cloud user/final scripts.
[[0;32m  OK  [0m] Reached target Cloud-init target.

Ubuntu 16.04.2 LTS ubuntu-xenial ttyS0

ubuntu-xenial login: [[0;32m  OK  [0m] Closed Load/Save RF Kill Switch Status /dev/rfkill Watch.
         Stopping ACPI event daemon...
[[0;32m  OK  [0m] Stoppe[[0;32m  OK  [0m] Unmounted /var/lib/lxcfs.
[[0;32m  OK  [0m] Stopped Regular background program processing daemon.
[[0;32m  OK  [0m] Stopped Snappy daemon.
[[0;32m  OK  [0m] Stopped Deferred execution scheduler.
[[0;32m  OK  [0m] Stopped ACPI event daemon.
[[0;32m  OK  [0m] Stopped Accounts Service.
[[0;32m  OK  [0m] Stopped System Logging Service.
[[0;32m  OK  [0m] Stopped Authenticate and Authorize Users to Run Privileged Tasks.
[[0;32m  OK  [0m] Stopped Getty on tty1.
[[0;32m  OK  [0m] Stopped Serial Getty on ttyS0.
[[0;32m  OK  [0m] Stopped OpenBSD Secure Shell server.
[[0;32m  OK  [0m] Stopped User Manager for UID 1000.
[[0;32m  OK  [0m] Stopped Session 2 of user ubuntu.
[[0;32m  OK  [0m] Stopped Unattended Upgrades Shutdown.
[[0;32m  OK  [0m] Stopped D-Bus System Message Bus.
[[0;32m  OK  [0m] Stopped Session 3 of user ubuntu.
[[0;32m  OK  [0m] Stopped FUSE filesystem for LXC.
[[0;32m  OK  [0m] Stopped LXD - container startup/shutdown.
[[0;32m  OK  [0m] Stopped LSB: Record successful boot for GRUB.
[[0;32m  OK  [0m] Stopped LSB: SNMP agents.
[[0;32m  OK  [0m] Stopped LSB: Set the CPU Frequency Scaling governor to "ondemand".
[[0;32m  OK  [0m] Stopped LSB: VirtualBox Linux Additions.
[[0;32m  OK  [0m] Stopped LSB: automatic crash report generation.
[[0;32m  OK  [0m] Stopped LSB: MD monitoring daemon.
[[0;32m  OK  [0m] Stopped LSB: daemon to balance interrupts for SMP systems.
[[0;32m  OK  [0m] Removed slice User Slice of ubuntu.
         Stopping Login Service...
[[0;32m  OK  [0m] Removed slice system-serial\x2dgetty.slice.
[[0;32m  OK  [0m] Removed slice system-getty.slice.
[[0;32m  OK  [0m] Stopped /etc/rc.local Compatibility.
         Stopping Permit User Sessions...
[[0;32m  OK  [0m] Stopped Login Service.
[[0;32m  OK  [0m] Stopped Permit User Sessions.
[[0;32m  OK  [0m] Stopped target User and Group Name Lookups.
[[0;32m  OK  [0m] Stopped MySQL Community Server.
[[0;32m  OK  [0m] Stopped LSB: Apache2 web server.
[[0;32m  OK  [0m] Stopped target Basic System.
[[0;32m  OK  [0m] Stopped target Paths.
[[0;32m  OK  [0m] Stopped Dispatch Password Requests to Console Directory Watch.
[[0;32m  OK  [0m] Stopped ACPI Events Check.
[[0;32m  OK  [0m] Stopped Forward Password Requests to Wall Directory Watch.
[[0;32m  OK  [0m] Stopped target Slices.
[[0;32m  OK  [0m] Removed slice User and Session Slice.
[[0;32m  OK  [0m] Stopped target Sockets.
[[0;32m  OK  [0m] Closed Syslog Socket.
[[0;32m  OK  [0m] Closed LXD - unix socket.
[[0;32m  OK  [0m] Closed D-Bus System Message Bus Socket.
[[0;32m  OK  [0m] Closed Socket activation for snappy daemon.
[[0;32m  OK  [0m] Closed ACPID Listen Socket.
[[0;32m  OK  [0m] Closed UUID daemon activation socket.
[[0;32m  OK  [0m] Stopped target Remote File Systems.
[[0;32m  OK  [0m] Stopped target Remote File Systems (Pre).
         Stopping Login to default iSCSI targets...
[[0;32m  OK  [0m] Stopped target System Initialization.
[[0;32m  OK  [0m] Stopped Commit a transient machine-id on disk.
         Stopping Update UTMP about System Boot/Shutdown...
[[0;32m  OK  [0m] Stopped target Swap.
         Stopping Load/Save Random Seed...
[[0;32m  OK  [0m] Stopped target Encrypted Volumes.
[[0;32m  OK  [0m] Stopped Load/Save Random Seed.
[[0;32m  OK  [0m] Stopped Update UTMP about System Boot/Shutdown.
[[0;32m  OK  [0m] Stopped Login to default iSCSI targets.
         Stopping iSCSI initiator daemon (iscsid)...
[[0;32m  OK  [0m] Stopped Create Volatile Files and Directories.
[[0;32m  OK  [0m] Stopped iSCSI initiator daemon (iscsid).
[[0;32m  OK  [0m] Stopped target Network is Online.
[[0;32m  OK  [0m] Stopped target Network.
[[0;32m  OK  [0m] Stopped Initial cloud-init job (metadata service crawler).
         Stopping Raise network interfaces...
[[0;32m  OK  [0m] Stopped Raise network interfaces.
[[0;32m  OK  [0m] Stopped target Local File Systems.
         Unmounting /vagrant...
         Unmounting /run/user/1000...
[[0;32m  OK  [0m] Stopped target Network (Pre).
[[0;32m  OK  [0m] Stopped Initial cloud-init job (pre-networking).
[[0;32m  OK  [0m] Stopped Apply Kernel Variables.
[[0;32m  OK  [0m] Stopped Load Kernel Modules.
[[0;32m  OK  [0m] Unmounted /vagrant.
[[0;32m  OK  [0m] Unmounted /run/user/1000.
[[0;32m  OK  [0m] Reached target Unmount All Filesystems.
[[0;32m  OK  [0m] Stopped target Local File Systems (Pre).
[[0;32m  OK  [0m] Stopped Create Static Device Nodes in /dev.
[[0;32m  OK  [0m] Stopped Remount Root and Kernel File Systems.
[[0;32m  OK  [0m] Reached target Shutdown.
[  764.617169] reboot: Power down